221.232.88.169 - - [19/Jun/2005:11:23:13 +0200] "GET /wximages/wxwidgets02-small.png HTTP/1.1" 200 12468 "http://blog.vckbase.com/bastet/" "Mozilla/4.0 (compatible; MSIE 6.0; Windows NT 5.1)"
203.195.105.33 - - [19/Jun/2005:11:23:14 +0200] "GET /wiki.pl?MyTimerCtrl HTTP/1.1" 200 2513 "http://wiki.wxwidgets.org/wiki.pl?Table_Of_Contents" "Mozilla/4.0 (compatible; WebCapture 3.0; Windows)"
203.195.105.33 - - [19/Jun/2005:11:23:16 +0200] "GET /wiki.pl?LEDClass HTTP/1.1" 200 2217 "http://wiki.wxwidgets.org/wiki.pl?Table_Of_Contents" "Mozilla/4.0 (compatible; WebCapture 3.0; Windows)"
203.195.105.33 - - [19/Jun/2005:11:23:17 +0200] "GET /wiki.pl?IniFileClass HTTP/1.1" 200 2414 "http://wiki.wxwidgets.org/wiki.pl?Table_Of_Contents" "Mozilla/4.0 (compatible; WebCapture 3.0; Windows)"
203.195.105.33 - - [19/Jun/2005:11:23:18 +0200] "GET /wiki.pl?WxVirtualDirTreeCtrl HTTP/1.1" 200 5292 "http://wiki.wxwidgets.org/wiki.pl?Table_Of_Contents" "Mozilla/4.0 (compatible; WebCapture 3.0; Windows)"
203.195.105.33 - - [19/Jun/2005:11:23:22 +0200] "GET /wiki.pl?WxGoldParser HTTP/1.1" 200 2765 "http://wiki.wxwidgets.org/wiki.pl?Table_Of_Contents" "Mozilla/4.0 (compatible; WebCapture 3.0; Windows)"
203.195.105.33 - - [19/Jun/2005:11:23:23 +0200] "GET /wxwiki.css HTTP/1.1" 200 1540 "http://wiki.wxwidgets.org/wiki.pl?WxGoldParser" "Mozilla/4.0 (compatible; WebCapture 3.0; Windows)"
203.195.105.33 - - [19/Jun/2005:11:23:24 +0200] "GET /wiki.pl?MSDN_Library_And_WxWidgets_Help_File HTTP/1.1" 200 6155 "http://wiki.wxwidgets.org/wiki.pl?Table_Of_Contents" "Mozilla/4.0 (compatible; WebCapture 3.0; Windows)"
203.195.105.33 - - [19/Jun/2005:11:23:26 +0200] "GET /wiki.pl?Developers_Notebook HTTP/1.1" 200 3347 "http://wiki.wxwidgets.org/wiki.pl?Table_Of_Contents" "Mozilla/4.0 (compatible; WebCapture 3.0; Windows)"
203.195.105.33 - - [19/Jun/2005:11:23:27 +0200] "GET /wiki.pl?Documentation_Generators HTTP/1.1" 200 2249 "http://wiki.wxwidgets.org/wiki.pl?Table_Of_Contents" "Mozilla/4.0 (compatible; WebCapture 3.0; Windows)"
203.195.105.33 - - [19/Jun/2005:11:23:29 +0200] "GET /wiki.pl?Debuggers HTTP/1.1" 200 2169 "http://wiki.wxwidgets.org/wiki.pl?Table_Of_Contents" "Mozilla/4.0 (compatible; WebCapture 3.0; Windows)"
203.195.105.33 - - [19/Jun/2005:11:23:31 +0200] "GET /wiki.pl?Test_Frameworks HTTP/1.1" 200 3350 "http://wiki.wxwidgets.org/wiki.pl?Table_Of_Contents" "Mozilla/4.0 (compatible; WebCapture 3.0; Windows)"
203.195.105.33 - - [19/Jun/2005:11:23:32 +0200] "GET /wxwiki.css HTTP/1.1" 200 1540 "http://wiki.wxwidgets.org/wiki.pl?Test_Frameworks" "Mozilla/4.0 (compatible; WebCapture 3.0; Windows)"
203.195.105.33 - - [19/Jun/2005:11:23:33 +0200] "GET /wiki.pl?Program_Analysis HTTP/1.1" 200 4579 "http://wiki.wxwidgets.org/wiki.pl?Table_Of_Contents" "Mozilla/4.0 (compatible; WebCapture 3.0; Windows)"
203.195.105.33 - - [19/Jun/2005:11:23:35 +0200] "GET /wiki.pl?UPX HTTP/1.1" 200 2146 "http://wiki.wxwidgets.org/wiki.pl?Table_Of_Contents" "Mozilla/4.0 (compatible; WebCapture 3.0; Windows)"
203.195.105.33 - - [19/Jun/2005:11:23:37 +0200] "GET /wiki.pl?Making_Installers HTTP/1.1" 200 2260 "http://wiki.wxwidgets.org/wiki.pl?Table_Of_Contents" "Mozilla/4.0 (compatible; WebCapture 3.0; Windows)"
203.195.105.33 - - [19/Jun/2005:11:23:39 +0200] "GET /wiki.pl?Cvs HTTP/1.1" 200 8401 "http://wiki.wxwidgets.org/wiki.pl?Table_Of_Contents" "Mozilla/4.0 (compatible; WebCapture 3.0; Windows)"
203.195.105.33 - - [19/Jun/2005:11:23:41 +0200] "GET /wiki.pl?Development_Tools HTTP/1.1" 200 2692 "http://wiki.wxwidgets.org/wiki.pl?Table_Of_Contents" "Mozilla/4.0 (compatible; WebCapture 3.0; Windows)"
203.195.105.33 - - [19/Jun/2005:11:23:41 +0200] "GET /wxwiki.css HTTP/1.1" 200 1540 "http://wiki.wxwidgets.org/wiki.pl?Development_Tools" "Mozilla/4.0 (compatible; WebCapture 3.0; Windows)"
203.195.105.33 - - [19/Jun/2005:11:23:43 +0200] "GET /wiki.pl?Project_Suggestions HTTP/1.1" 200 2719 "http://wiki.wxwidgets.org/wiki.pl?Table_Of_Contents" "Mozilla/4.0 (compatible; WebCapture 3.0; Windows)"
203.195.105.33 - - [19/Jun/2005:11:23:44 +0200] "GET /wiki.pl?Project_List HTTP/1.1" 200 7530 "http://wiki.wxwidgets.org/wiki.pl?Table_Of_Contents" "Mozilla/4.0 (compatible; WebCapture 3.0; Windows)"
203.195.105.33 - - [19/Jun/2005:11:23:46 +0200] "GET /wiki.pl?Graphics HTTP/1.1" 200 2897 "http://wiki.wxwidgets.org/wiki.pl?Table_Of_Contents" "Mozilla/4.0 (compatible; WebCapture 3.0; Windows)"
203.195.105.33 - - [19/Jun/2005:11:23:48 +0200] "GET /wiki.pl?IRC_Etiquette HTTP/1.1" 200 2933 "http://wiki.wxwidgets.org/wiki.pl?Table_Of_Contents" "Mozilla/4.0 (compatible; WebCapture 3.0; Windows)"
203.195.105.33 - - [19/Jun/2005:11:23:50 +0200] "GET /wiki.pl?WxWidgets_Bounties HTTP/1.1" 200 8946 "http://wiki.wxwidgets.org/wiki.pl?Table_Of_Contents" "Mozilla/4.0 (compatible; WebCapture 3.0; Windows)"
203.195.105.33 - - [19/Jun/2005:11:23:52 +0200] "GET /wiki.pl?WxWidgets_Vacancies HTTP/1.1" 200 3676 "http://wiki.wxwidgets.org/wiki.pl?Table_Of_Contents" "Mozilla/4.0 (compatible; WebCapture 3.0; Windows)"
203.195.105.33 - - [19/Jun/2005:11:23:53 +0200] "GET /wxwiki.css HTTP/1.1" 200 1540 "http://wiki.wxwidgets.org/wiki.pl?WxWidgets_Vacancies" "Mozilla/4.0 (compatible; WebCapture 3.0; Windows)"
203.195.105.33 - - [19/Jun/2005:11:23:54 +0200] "GET /wiki.pl?Scratchpad_Items_To_Be_Integrated_Later_Into_WxWiki HTTP/1.1" 200 8593 "http://wiki.wxwidgets.org/wiki.pl?Table_Of_Contents" "Mozilla/4.0 (compatible; WebCapture 3.0; Windows)"
203.195.105.33 - - [19/Jun/2005:11:23:56 +0200] "GET /wiki.pl?action=history&id=Table_Of_Contents HTTP/1.1" 200 10159 "http://wiki.wxwidgets.org/wiki.pl?Table_Of_Contents" "Mozilla/4.0 (compatible; WebCapture 3.0; Windows)"
203.195.105.33 - - [19/Jun/2005:11:23:59 +0200] "GET /wiki.pl?JaakkoSalli HTTP/1.1" 200 1856 "http://wiki.wxwidgets.org/wiki.pl?Table_Of_Contents" "Mozilla/4.0 (compatible; WebCapture 3.0; Windows)"
203.195.105.33 - - [19/Jun/2005:11:24:00 +0200] "GET /wxwiki.css HTTP/1.1" 200 1540 "http://wiki.wxwidgets.org/wiki.pl?JaakkoSalli" "Mozilla/4.0 (compatible; WebCapture 3.0; Windows)"
203.195.105.33 - - [19/Jun/2005:11:24:03 +0200] "GET /wiki.pl?action=browse&diff=1&id=Table_Of_Contents HTTP/1.1" 200 27025 "http://wiki.wxwidgets.org/wiki.pl?Table_Of_Contents" "Mozilla/4.0 (compatible; WebCapture 3.0; Windows)"
203.195.105.33 - - [19/Jun/2005:11:24:05 +0200] "GET /wiki.pl?back=WxWiki HTTP/1.1" 200 2756 "http://wiki.wxwidgets.org/wiki.pl?WxWiki" "Mozilla/4.0 (compatible; WebCapture 3.0; Windows)"
203.195.105.33 - - [19/Jun/2005:11:24:06 +0200] "GET /wiki.pl?How_To_Use_This_Wiki HTTP/1.1" 200 5071 "http://wiki.wxwidgets.org/wiki.pl?WxWiki" "Mozilla/4.0 (compatible; WebCapture 3.0; Windows)"
203.195.105.33 - - [19/Jun/2005:11:24:08 +0200] "GET /wiki.pl?Feedback HTTP/1.1" 200 7890 "http://wiki.wxwidgets.org/wiki.pl?WxWiki" "Mozilla/4.0 (compatible; WebCapture 3.0; Windows)"
203.195.105.33 - - [19/Jun/2005:11:24:10 +0200] "GET /wiki.pl?WikiSpam_Hall_Of_Shame HTTP/1.1" 200 3770 "http://wiki.wxwidgets.org/wiki.pl?WxWiki" "Mozilla/4.0 (compatible; WebCapture 3.0; Windows)"
203.195.105.33 - - [19/Jun/2005:11:24:11 +0200] "GET /wxwiki.css HTTP/1.1" 200 1540 "http://wiki.wxwidgets.org/wiki.pl?WikiSpam_Hall_Of_Shame" "Mozilla/4.0 (compatible; WebCapture 3.0; Windows)"
203.195.105.33 - - [19/Jun/2005:11:24:12 +0200] "GET /wiki.pl?action=history&id=WxWiki HTTP/1.1" 200 5576 "http://wiki.wxwidgets.org/wiki.pl?WxWiki" "Mozilla/4.0 (compatible; WebCapture 3.0; Windows)"
203.195.105.33 - - [19/Jun/2005:11:24:14 +0200] "GET /wiki.pl?Lestat HTTP/1.1" 200 1819 "http://wiki.wxwidgets.org/wiki.pl?WxWiki" "Mozilla/4.0 (compatible; WebCapture 3.0; Windows)"
207.46.98.84 - - [19/Jun/2005:11:24:15 +0200] "GET /wiki.pl?WxWidgets_Vacancies HTTP/1.0" 200 3590 "-" "msnbot/1.0 (+http://search.msn.com/msnbot.htm)"
203.195.105.33 - - [19/Jun/2005:11:24:16 +0200] "GET /wiki.pl?action=browse&diff=1&id=WxWiki HTTP/1.1" 200 3858 "http://wiki.wxwidgets.org/wiki.pl?WxWiki" "Mozilla/4.0 (compatible; WebCapture 3.0; Windows)"
203.195.105.33 - - [19/Jun/2005:11:24:17 +0200] "GET /wiki.pl?Other_Contributed_Classes HTTP/1.1" 200 2179 "http://wiki.wxwidgets.org/wiki.pl?back=Table+Of+Contents" "Mozilla/4.0 (compatible; WebCapture 3.0; Windows)"
203.195.105.33 - - [19/Jun/2005:11:24:19 +0200] "GET /wiki.pl?WxWiki/Table_Of_Contents HTTP/1.1" 200 2173 "http://wiki.wxwidgets.org/wiki.pl?back=Table+Of+Contents" "Mozilla/4.0 (compatible; WebCapture 3.0; Windows)"
203.195.105.33 - - [19/Jun/2005:11:24:21 +0200] "GET /wiki.pl?back=RecentChanges HTTP/1.1" 200 1713 "http://wiki.wxwidgets.org/wiki.pl?RecentChanges" "Mozilla/4.0 (compatible; WebCapture 3.0; Windows)"
203.195.105.33 - - [19/Jun/2005:11:24:22 +0200] "GET /wiki.pl?action=rc&days=1 HTTP/1.1" 200 2911 "http://wiki.wxwidgets.org/wiki.pl?RecentChanges" "Mozilla/4.0 (compatible; WebCapture 3.0; Windows)"
82.131.0.24 - - [19/Jun/2005:11:24:22 +0200] "GET /wiki.pl?Table_Of_Contents HTTP/1.1" 200 26242 "http://wiki.wxwidgets.org/" "Mozilla/5.0 (Windows; U; Windows NT 5.1; en-US; rv:1.7.8) Gecko/20050511 Firefox/1.0.4"
203.195.105.33 - - [19/Jun/2005:11:24:23 +0200] "GET /wxwiki.css HTTP/1.1" 200 1540 "http://wiki.wxwidgets.org/wiki.pl?action=rc&days=1" "Mozilla/4.0 (compatible; WebCapture 3.0; Windows)"
203.195.105.33 - - [19/Jun/2005:11:24:25 +0200] "GET /wiki.pl?action=rc&days=3 HTTP/1.1" 200 5045 "http://wiki.wxwidgets.org/wiki.pl?RecentChanges" "Mozilla/4.0 (compatible; WebCapture 3.0; Windows)"
82.131.0.24 - - [19/Jun/2005:11:24:25 +0200] "GET /wiki.pl?Distributing_WxWidgets_Applications HTTP/1.1" 200 5138 "http://wiki.wxwidgets.org/wiki.pl?Table_Of_Contents" "Mozilla/5.0 (Windows; U; Windows NT 5.1; en-US; rv:1.7.8) Gecko/20050511 Firefox/1.0.4"
203.195.105.33 - - [19/Jun/2005:11:24:28 +0200] "GET /wiki.pl?action=rc&days=7 HTTP/1.1" 200 6011 "http://wiki.wxwidgets.org/wiki.pl?RecentChanges" "Mozilla/4.0 (compatible; WebCapture 3.0; Windows)"
203.195.105.33 - - [19/Jun/2005:11:24:30 +0200] "GET /wiki.pl?action=rc&days=30 HTTP/1.1" 200 11642 "http://wiki.wxwidgets.org/wiki.pl?RecentChanges" "Mozilla/4.0 (compatible; WebCapture 3.0; Windows)"
203.195.105.33 - - [19/Jun/2005:11:24:35 +0200] "GET /wxwiki.css HTTP/1.1" 200 1540 "http://wiki.wxwidgets.org/wiki.pl?action=rc&days=90" "Mozilla/4.0 (compatible; WebCapture 3.0; Windows)"
203.195.105.33 - - [19/Jun/2005:11:24:36 +0200] "GET /wiki.pl?action=rc&days=90 HTTP/1.1" 200 38044 "http://wiki.wxwidgets.org/wiki.pl?RecentChanges" "Mozilla/4.0 (compatible; WebCapture 3.0; Windows)"
203.195.105.33 - - [19/Jun/2005:11:24:38 +0200] "GET /wiki.pl?action=rc&from=1119147180 HTTP/1.1" 200 2636 "http://wiki.wxwidgets.org/wiki.pl?RecentChanges" "Mozilla/4.0 (compatible; WebCapture 3.0; Windows)"
203.195.105.33 - - [19/Jun/2005:11:24:40 +0200] "GET /wiki.pl?action=browse&diff=1&id=Test_Frameworks HTTP/1.1" 200 3904 "http://wiki.wxwidgets.org/wiki.pl?RecentChanges" "Mozilla/4.0 (compatible; WebCapture 3.0; Windows)"
203.195.105.33 - - [19/Jun/2005:11:24:41 +0200] "GET /wiki.pl?Jblough HTTP/1.1" 200 1826 "http://wiki.wxwidgets.org/wiki.pl?RecentChanges" "Mozilla/4.0 (compatible; WebCapture 3.0; Windows)"
203.195.105.33 - - [19/Jun/2005:11:24:43 +0200] "GET /wiki.pl?action=browse&diff=1&id=Developers_Notebook/WxMac_WxTaskBarIcon HTTP/1.1" 200 4663 "http://wiki.wxwidgets.org/wiki.pl?RecentChanges" "Mozilla/4.0 (compatible; WebCapture 3.0; Windows)"
203.195.105.33 - - [19/Jun/2005:11:24:45 +0200] "GET /wiki.pl?Developers_Notebook/WxMac_WxTaskBarIcon HTTP/1.1" 200 2317 "http://wiki.wxwidgets.org/wiki.pl?RecentChanges" "Mozilla/4.0 (compatible; WebCapture 3.0; Windows)"
203.195.105.33 - - [19/Jun/2005:11:24:46 +0200] "GET /wiki.pl?action=history&id=Developers_Notebook/WxMac_WxTaskBarIcon HTTP/1.1" 200 5483 "http://wiki.wxwidgets.org/wiki.pl?RecentChanges" "Mozilla/4.0 (compatible; WebCapture 3.0; Windows)"
203.195.105.33 - - [19/Jun/2005:11:24:47 +0200] "GET /wxwiki.css HTTP/1.1" 200 1540 "http://wiki.wxwidgets.org/wiki.pl?action=history&id=Developers_Notebook/WxMac_WxTaskBarIcon" "Mozilla/4.0 (compatible; WebCapture 3.0; Windows)"
203.195.105.33 - - [19/Jun/2005:11:24:49 +0200] "GET /wiki.pl?RyanNorton HTTP/1.1" 200 1849 "http://wiki.wxwidgets.org/wiki.pl?RecentChanges" "Mozilla/4.0 (compatible; WebCapture 3.0; Windows)"
203.195.105.33 - - [19/Jun/2005:11:24:52 +0200] "GET /wiki.pl?action=browse&diff=1&id=Developers_Notebook/WxMac_WxSound HTTP/1.1" 200 16011 "http://wiki.wxwidgets.org/wiki.pl?RecentChanges" "Mozilla/4.0 (compatible; WebCapture 3.0; Windows)"
203.195.105.33 - - [19/Jun/2005:11:24:54 +0200] "GET /wiki.pl?Developers_Notebook/WxMac_WxSound HTTP/1.1" 200 2271 "http://wiki.wxwidgets.org/wiki.pl?RecentChanges" "Mozilla/4.0 (compatible; WebCapture 3.0; Windows)"
203.195.105.33 - - [19/Jun/2005:11:24:55 +0200] "GET /wiki.pl?action=browse&diff=1&id=Developers_Notebook/WxMac HTTP/1.1" 200 4222 "http://wiki.wxwidgets.org/wiki.pl?RecentChanges" "Mozilla/4.0 (compatible; WebCapture 3.0; Windows)"
203.195.105.33 - - [19/Jun/2005:11:24:57 +0200] "GET /wiki.pl?Developers_Notebook/WxMac HTTP/1.1" 200 3129 "http://wiki.wxwidgets.org/wiki.pl?RecentChanges" "Mozilla/4.0 (compatible; WebCapture 3.0; Windows)"
203.195.105.33 - - [19/Jun/2005:11:24:59 +0200] "GET /wiki.pl?action=history&id=Developers_Notebook/WxMac HTTP/1.1" 200 4847 "http://wiki.wxwidgets.org/wiki.pl?RecentChanges" "Mozilla/4.0 (compatible; WebCapture 3.0; Windows)"
203.195.105.33 - - [19/Jun/2005:11:25:03 +0200] "GET /wiki.pl?action=browse&diff=1&id=Developers_Notebook/WxMac_WxGetKeyState HTTP/1.1" 200 18885 "http://wiki.wxwidgets.org/wiki.pl?RecentChanges" "Mozilla/4.0 (compatible; WebCapture 3.0; Windows)"
203.195.105.33 - - [19/Jun/2005:11:25:04 +0200] "GET /wxwiki.css HTTP/1.1" 200 1540 "http://wiki.wxwidgets.org/wiki.pl?action=browse&diff=1&id=Developers_Notebook/WxMac_WxGetKeyState" "Mozilla/4.0 (compatible; WebCapture 3.0; Windows)"
203.195.105.33 - - [19/Jun/2005:11:25:06 +0200] "GET /wiki.pl?Developers_Notebook/WxMac_WxGetKeyState HTTP/1.1" 200 2317 "http://wiki.wxwidgets.org/wiki.pl?RecentChanges" "Mozilla/4.0 (compatible; WebCapture 3.0; Windows)"
203.195.105.33 - - [19/Jun/2005:11:25:12 +0200] "GET /wiki.pl?action=browse&diff=1&id=Mac_OS_X_And_Xcode_For_Beginners HTTP/1.1" 200 56696 "http://wiki.wxwidgets.org/wiki.pl?RecentChanges" "Mozilla/4.0 (compatible; WebCapture 3.0; Windows)"
203.195.105.33 - - [19/Jun/2005:11:25:15 +0200] "GET /wiki.pl?Tim_Griesser HTTP/1.1" 200 1999 "http://wiki.wxwidgets.org/wiki.pl?RecentChanges" "Mozilla/4.0 (compatible; WebCapture 3.0; Windows)"
203.195.105.33 - - [19/Jun/2005:11:25:15 +0200] "GET /wxwiki.css HTTP/1.1" 200 1540 "http://wiki.wxwidgets.org/wiki.pl?Tim_Griesser" "Mozilla/4.0 (compatible; WebCapture 3.0; Windows)"
82.131.0.24 - - [19/Jun/2005:11:25:16 +0200] "GET /wiki.pl?Chinook HTTP/1.1" 200 3151 "http://wiki.wxwidgets.org/wiki.pl?Table_Of_Contents" "Mozilla/5.0 (Windows; U; Windows NT 5.1; en-US; rv:1.7.8) Gecko/20050511 Firefox/1.0.4"
203.195.105.33 - - [19/Jun/2005:11:25:17 +0200] "GET /wiki.pl?action=browse&diff=1&id=App_Not_Getting_Input_When_Run HTTP/1.1" 200 4070 "http://wiki.wxwidgets.org/wiki.pl?RecentChanges" "Mozilla/4.0 (compatible; WebCapture 3.0; Windows)"
203.195.105.33 - - [19/Jun/2005:11:25:19 +0200] "GET /wiki.pl?App_Not_Getting_Input_When_Run HTTP/1.1" 200 3132 "http://wiki.wxwidgets.org/wiki.pl?RecentChanges" "Mozilla/4.0 (compatible; WebCapture 3.0; Windows)"
203.195.105.33 - - [19/Jun/2005:11:25:20 +0200] "GET /wiki.pl?action=history&id=App_Not_Getting_Input_When_Run HTTP/1.1" 200 3934 "http://wiki.wxwidgets.org/wiki.pl?RecentChanges" "Mozilla/4.0 (compatible; WebCapture 3.0; Windows)"
203.195.105.33 - - [19/Jun/2005:11:25:22 +0200] "GET /wxwiki.css HTTP/1.1" 200 1540 "http://wiki.wxwidgets.org/wiki.pl?action=history&id=App_Not_Getting_Input_When_Run" "Mozilla/4.0 (compatible; WebCapture 3.0; Windows)"
203.195.105.33 - - [19/Jun/2005:11:25:24 +0200] "GET /wiki.pl?Bob_McCown HTTP/1.1" 200 1849 "http://wiki.wxwidgets.org/wiki.pl?RecentChanges" "Mozilla/4.0 (compatible; WebCapture 3.0; Windows)"
203.195.105.33 - - [19/Jun/2005:11:25:25 +0200] "GET /wiki.pl?action=browse&diff=1&id=WxWidgets_Bounties HTTP/1.1" 200 9996 "http://wiki.wxwidgets.org/wiki.pl?RecentChanges" "Mozilla/4.0 (compatible; WebCapture 3.0; Windows)"
203.195.105.33 - - [19/Jun/2005:11:25:27 +0200] "GET /wiki.pl?action=browse&diff=1&id=Precompiled_Headers HTTP/1.1" 200 5865 "http://wiki.wxwidgets.org/wiki.pl?RecentChanges" "Mozilla/4.0 (compatible; WebCapture 3.0; Windows)"
203.195.105.33 - - [19/Jun/2005:11:25:29 +0200] "GET /wiki.pl?Abernitz HTTP/1.1" 200 1833 "http://wiki.wxwidgets.org/wiki.pl?RecentChanges" "Mozilla/4.0 (compatible; WebCapture 3.0; Windows)"
203.195.105.33 - - [19/Jun/2005:11:25:30 +0200] "GET /wxwiki.css HTTP/1.1" 200 1540 "http://wiki.wxwidgets.org/wiki.pl?Abernitz" "Mozilla/4.0 (compatible; WebCapture 3.0; Windows)"
203.195.105.33 - - [19/Jun/2005:11:25:32 +0200] "GET /wiki.pl?action=browse&diff=1&id=Bakefile_Tips HTTP/1.1" 200 9049 "http://wiki.wxwidgets.org/wiki.pl?RecentChanges" "Mozilla/4.0 (compatible; WebCapture 3.0; Windows)"
203.195.105.33 - - [19/Jun/2005:11:25:34 +0200] "GET /wiki.pl?action=history&id=Bakefile_Tips HTTP/1.1" 200 7771 "http://wiki.wxwidgets.org/wiki.pl?RecentChanges" "Mozilla/4.0 (compatible; WebCapture 3.0; Windows)"
203.195.105.33 - - [19/Jun/2005:11:25:35 +0200] "GET /wxwiki.css HTTP/1.1" 200 1540 "http://wiki.wxwidgets.org/wiki.pl?action=history&id=Bakefile_Tips" "Mozilla/4.0 (compatible; WebCapture 3.0; Windows)"
203.195.105.33 - - [19/Jun/2005:11:25:37 +0200] "GET /wiki.pl?Frm HTTP/1.1" 200 1798 "http://wiki.wxwidgets.org/wiki.pl?RecentChanges" "Mozilla/4.0 (compatible; WebCapture 3.0; Windows)"
203.195.105.33 - - [19/Jun/2005:11:25:38 +0200] "GET /wiki.pl?action=browse&diff=1&id=Developers_Notebook/WxGTK HTTP/1.1" 200 3642 "http://wiki.wxwidgets.org/wiki.pl?RecentChanges" "Mozilla/4.0 (compatible; WebCapture 3.0; Windows)"
203.195.105.33 - - [19/Jun/2005:11:25:40 +0200] "GET /wiki.pl?Developers_Notebook/WxGTK HTTP/1.1" 200 3012 "http://wiki.wxwidgets.org/wiki.pl?RecentChanges" "Mozilla/4.0 (compatible; WebCapture 3.0; Windows)"
203.195.105.33 - - [19/Jun/2005:11:25:42 +0200] "GET /wiki.pl?Leio HTTP/1.1" 200 1805 "http://wiki.wxwidgets.org/wiki.pl?RecentChanges" "Mozilla/4.0 (compatible; WebCapture 3.0; Windows)"
203.195.105.33 - - [19/Jun/2005:11:25:42 +0200] "GET /wxwiki.css HTTP/1.1" 200 1540 "http://wiki.wxwidgets.org/wiki.pl?Leio" "Mozilla/4.0 (compatible; WebCapture 3.0; Windows)"
203.195.105.33 - - [19/Jun/2005:11:25:44 +0200] "GET /wiki.pl?action=browse&diff=1&id=YaDoo HTTP/1.1" 200 9353 "http://wiki.wxwidgets.org/wiki.pl?RecentChanges" "Mozilla/4.0 (compatible; WebCapture 3.0; Windows)"
203.195.105.33 - - [19/Jun/2005:11:25:46 +0200] "GET /wiki.pl?YaDoo HTTP/1.1" 200 1923 "http://wiki.wxwidgets.org/wiki.pl?RecentChanges" "Mozilla/4.0 (compatible; WebCapture 3.0; Windows)"
203.195.105.33 - - [19/Jun/2005:11:25:47 +0200] "GET /wiki.pl?action=history&id=YaDoo HTTP/1.1" 200 9955 "http://wiki.wxwidgets.org/wiki.pl?RecentChanges" "Mozilla/4.0 (compatible; WebCapture 3.0; Windows)"
203.195.105.33 - - [19/Jun/2005:11:25:49 +0200] "GET /wiki.pl?eco HTTP/1.1" 200 1798 "http://wiki.wxwidgets.org/wiki.pl?RecentChanges" "Mozilla/4.0 (compatible; WebCapture 3.0; Windows)"
203.195.105.33 - - [19/Jun/2005:11:25:51 +0200] "GET /wiki.pl?action=browse&diff=1&id=Sjzyxh HTTP/1.1" 200 9358 "http://wiki.wxwidgets.org/wiki.pl?RecentChanges" "Mozilla/4.0 (compatible; WebCapture 3.0; Windows)"
203.195.105.33 - - [19/Jun/2005:11:25:53 +0200] "GET /wxwiki.css HTTP/1.1" 200 1540 "http://wiki.wxwidgets.org/wiki.pl?action=browse&diff=1&id=Sjzyxh" "Mozilla/4.0 (compatible; WebCapture 3.0; Windows)"
203.195.105.33 - - [19/Jun/2005:11:25:54 +0200] "GET /wiki.pl?Sjzyxh HTTP/1.1" 200 1928 "http://wiki.wxwidgets.org/wiki.pl?RecentChanges" "Mozilla/4.0 (compatible; WebCapture 3.0; Windows)"
203.195.105.33 - - [19/Jun/2005:11:25:56 +0200] "GET /wiki.pl?action=history&id=Sjzyxh HTTP/1.1" 200 10951 "http://wiki.wxwidgets.org/wiki.pl?RecentChanges" "Mozilla/4.0 (compatible; WebCapture 3.0; Windows)"
203.195.105.33 - - [19/Jun/2005:11:25:59 +0200] "GET /wiki.pl?action=browse&diff=1&id=Writing_Your_First_Application/Introduction HTTP/1.1" 200 8495 "http://wiki.wxwidgets.org/wiki.pl?RecentChanges" "Mozilla/4.0 (compatible; WebCapture 3.0; Windows)"
203.195.105.33 - - [19/Jun/2005:11:26:00 +0200] "GET /wxwiki.css HTTP/1.1" 200 1540 "http://wiki.wxwidgets.org/wiki.pl?action=browse&diff=1&id=Writing_Your_First_Application/Introduction" "Mozilla/4.0 (compatible; WebCapture 3.0; Windows)"
203.195.105.33 - - [19/Jun/2005:11:26:01 +0200] "GET /wiki.pl?Writing_Your_First_Application/Introduction HTTP/1.1" 200 7901 "http://wiki.wxwidgets.org/wiki.pl?RecentChanges" "Mozilla/4.0 (compatible; WebCapture 3.0; Windows)"
203.195.105.33 - - [19/Jun/2005:11:26:03 +0200] "GET /wiki.pl?action=history&id=Writing_Your_First_Application/Introduction HTTP/1.1" 200 4090 "http://wiki.wxwidgets.org/wiki.pl?RecentChanges" "Mozilla/4.0 (compatible; WebCapture 3.0; Windows)"
203.195.105.33 - - [19/Jun/2005:11:26:05 +0200] "GET /wiki.pl?Wegstar HTTP/1.1" 200 1826 "http://wiki.wxwidgets.org/wiki.pl?RecentChanges" "Mozilla/4.0 (compatible; WebCapture 3.0; Windows)"
203.195.105.33 - - [19/Jun/2005:11:26:06 +0200] "GET /wiki.pl?action=browse&diff=1&id=WxPropertyGrid HTTP/1.1" 200 2412 "http://wiki.wxwidgets.org/wiki.pl?RecentChanges" "Mozilla/4.0 (compatible; WebCapture 3.0; Windows)"
203.195.105.33 - - [19/Jun/2005:11:26:12 +0200] "GET /wiki.pl?action=browse&diff=1&id=Multiple_Inheritance HTTP/1.1" 200 54656 "http://wiki.wxwidgets.org/wiki.pl?RecentChanges" "Mozilla/4.0 (compatible; WebCapture 3.0; Windows)"
82.131.0.24 - - [19/Jun/2005:11:26:13 +0200] "GET /wiki.pl?Dev-CPP_Setup_Guide HTTP/1.1" 200 10495 "http://wiki.wxwidgets.org/wiki.pl?Table_Of_Contents" "Mozilla/5.0 (Windows; U; Windows NT 5.1; en-US; rv:1.7.8) Gecko/20050511 Firefox/1.0.4"
203.195.105.33 - - [19/Jun/2005:11:26:15 +0200] "GET /wiki.pl?action=history&id=Multiple_Inheritance HTTP/1.1" 200 7663 "http://wiki.wxwidgets.org/wiki.pl?RecentChanges" "Mozilla/4.0 (compatible; WebCapture 3.0; Windows)"
203.195.105.33 - - [19/Jun/2005:11:26:17 +0200] "GET /wxwiki.css HTTP/1.1" 200 1540 "http://wiki.wxwidgets.org/wiki.pl?action=history&id=Multiple_Inheritance" "Mozilla/4.0 (compatible; WebCapture 3.0; Windows)"
203.195.105.33 - - [19/Jun/2005:11:26:19 +0200] "GET /wiki.pl?action=browse&diff=1&id=Launching_The_Default_Browser HTTP/1.1" 200 4530 "http://wiki.wxwidgets.org/wiki.pl?RecentChanges" "Mozilla/4.0 (compatible; WebCapture 3.0; Windows)"
203.195.105.33 - - [19/Jun/2005:11:26:21 +0200] "GET /wiki.pl?action=history&id=Launching_The_Default_Browser HTTP/1.1" 200 4712 "http://wiki.wxwidgets.org/wiki.pl?RecentChanges" "Mozilla/4.0 (compatible; WebCapture 3.0; Windows)"
203.195.105.33 - - [19/Jun/2005:11:26:22 +0200] "GET /wiki.pl?Ryan_Norton HTTP/1.1" 200 1854 "http://wiki.wxwidgets.org/wiki.pl?RecentChanges" "Mozilla/4.0 (compatible; WebCapture 3.0; Windows)"
203.195.105.33 - - [19/Jun/2005:11:26:23 +0200] "GET /wxwiki.css HTTP/1.1" 200 1540 "http://wiki.wxwidgets.org/wiki.pl?Ryan_Norton" "Mozilla/4.0 (compatible; WebCapture 3.0; Windows)"
203.195.105.33 - - [19/Jun/2005:11:26:24 +0200] "GET /wiki.pl?action=browse&diff=1&id=Using_XML_With_WxWidgets HTTP/1.1" 200 6915 "http://wiki.wxwidgets.org/wiki.pl?RecentChanges" "Mozilla/4.0 (compatible; WebCapture 3.0; Windows)"
203.195.105.33 - - [19/Jun/2005:11:26:26 +0200] "GET /wiki.pl?action=browse&diff=1&id=CMake HTTP/1.1" 200 11510 "http://wiki.wxwidgets.org/wiki.pl?RecentChanges" "Mozilla/4.0 (compatible; WebCapture 3.0; Windows)"
203.195.105.33 - - [19/Jun/2005:11:26:28 +0200] "GET /wiki.pl?Jfath HTTP/1.1" 200 1812 "http://wiki.wxwidgets.org/wiki.pl?RecentChanges" "Mozilla/4.0 (compatible; WebCapture 3.0; Windows)"
203.195.105.33 - - [19/Jun/2005:11:26:30 +0200] "GET /wiki.pl?action=browse&diff=1&id=Bakefile_Basic HTTP/1.1" 200 6784 "http://wiki.wxwidgets.org/wiki.pl?RecentChanges" "Mozilla/4.0 (compatible; WebCapture 3.0; Windows)"
203.195.105.33 - - [19/Jun/2005:11:26:32 +0200] "GET /wiki.pl?action=history&id=Bakefile_Basic HTTP/1.1" 200 3445 "http://wiki.wxwidgets.org/wiki.pl?RecentChanges" "Mozilla/4.0 (compatible; WebCapture 3.0; Windows)"
203.195.105.33 - - [19/Jun/2005:11:26:34 +0200] "GET /wiki.pl?action=browse&diff=1&id=Compiling_A_WxWidgets_Application HTTP/1.1" 200 7263 "http://wiki.wxwidgets.org/wiki.pl?RecentChanges" "Mozilla/4.0 (compatible; WebCapture 3.0; Windows)"
203.195.105.33 - - [19/Jun/2005:11:26:36 +0200] "GET /wiki.pl?action=history&id=Compiling_A_WxWidgets_Application HTTP/1.1" 200 4153 "http://wiki.wxwidgets.org/wiki.pl?RecentChanges" "Mozilla/4.0 (compatible; WebCapture 3.0; Windows)"
203.195.105.33 - - [19/Jun/2005:11:26:37 +0200] "GET /wxwiki.css HTTP/1.1" 200 1540 "http://wiki.wxwidgets.org/wiki.pl?action=history&id=Compiling_A_WxWidgets_Application" "Mozilla/4.0 (compatible; WebCapture 3.0; Windows)"
203.195.105.33 - - [19/Jun/2005:11:26:39 +0200] "GET /wiki.pl?action=browse&diff=1&id=Bakefile_Utils HTTP/1.1" 200 17229 "http://wiki.wxwidgets.org/wiki.pl?RecentChanges" "Mozilla/4.0 (compatible; WebCapture 3.0; Windows)"
203.195.105.33 - - [19/Jun/2005:11:26:40 +0200] "GET /wiki.pl?action=browse&diff=1&id=MSVC_.NET_Setup_Guide HTTP/1.1" 200 14256 "http://wiki.wxwidgets.org/wiki.pl?RecentChanges" "Mozilla/4.0 (compatible; WebCapture 3.0; Windows)"
203.195.105.33 - - [19/Jun/2005:11:26:42 +0200] "GET /wiki.pl?action=history&id=MSVC_.NET_Setup_Guide HTTP/1.1" 200 6332 "http://wiki.wxwidgets.org/wiki.pl?RecentChanges" "Mozilla/4.0 (compatible; WebCapture 3.0; Windows)"
134.130.181.55 - - [19/Jun/2005:11:26:46 +0200] "GET /wiki.pl?WxMenu HTTP/1.1" 200 5002 "http://www.google.de/search?hl=de&hs=7ha&client=firefox-a&rls=org.mozilla:en-US:official_s&q=add+menu+to+wxwindow&spell=1" "Mozilla/5.0 (Windows; U; Windows NT 5.1; en-US; rv:1.7.8) Gecko/20050511 Firefox/1.0.4"
134.130.181.55 - - [19/Jun/2005:11:26:46 +0200] "GET /wxwiki.css HTTP/1.1" 200 1540 "http://wiki.wxwidgets.org/wiki.pl?WxMenu" "Mozilla/5.0 (Windows; U; Windows NT 5.1; en-US; rv:1.7.8) Gecko/20050511 Firefox/1.0.4"
134.130.181.55 - - [19/Jun/2005:11:26:46 +0200] "GET /wximages/wxwidgets02-small.png HTTP/1.1" 200 12468 "http://wiki.wxwidgets.org/wiki.pl?WxMenu" "Mozilla/5.0 (Windows; U; Windows NT 5.1; en-US; rv:1.7.8) Gecko/20050511 Firefox/1.0.4"
203.195.105.33 - - [19/Jun/2005:11:26:46 +0200] "GET /wiki.pl?Tom HTTP/1.1" 200 1798 "http://wiki.wxwidgets.org/wiki.pl?RecentChanges" "Mozilla/4.0 (compatible; WebCapture 3.0; Windows)"
207.46.98.84 - - [19/Jun/2005:11:26:46 +0200] "GET /wiki.pl?action=rc&days=3 HTTP/1.0" 200 4839 "-" "msnbot/1.0 (+http://search.msn.com/msnbot.htm)"
134.130.181.55 - - [19/Jun/2005:11:26:46 +0200] "GET /favicon.ico HTTP/1.1" 200 3262 "-" "Mozilla/5.0 (Windows; U; Windows NT 5.1; en-US; rv:1.7.8) Gecko/20050511 Firefox/1.0.4"
203.195.105.33 - - [19/Jun/2005:11:26:46 +0200] "GET /wxwiki.css HTTP/1.1" 200 1540 "http://wiki.wxwidgets.org/wiki.pl?Tom" "Mozilla/4.0 (compatible; WebCapture 3.0; Windows)"
203.195.105.33 - - [19/Jun/2005:11:26:47 +0200] "GET /wiki.pl?action=browse&diff=1&id=Resources HTTP/1.1" 200 6842 "http://wiki.wxwidgets.org/wiki.pl?RecentChanges" "Mozilla/4.0 (compatible; WebCapture 3.0; Windows)"
81.170.205.42 - - [19/Jun/2005:11:26:48 +0200] "GET /wximages/wxwidgets02-small.png HTTP/1.1" 200 12468 "-" "Mozilla/5.0 (Windows; U; Windows NT 5.1; sv-SE; rv:1.7.8) Gecko/20050511 Firefox/1.0.4"
81.170.205.42 - - [19/Jun/2005:11:26:49 +0200] "GET /readme_filer/wxwidgets02-small.png HTTP/1.1" 404 315 "http://wiki.wxwidgets.org/wiki.pl?Installing_WxWin_MinGW" "Mozilla/5.0 (Windows; U; Windows NT 5.1; sv-SE; rv:1.7.8) Gecko/20050511 Firefox/1.0.4"
203.195.105.33 - - [19/Jun/2005:11:26:49 +0200] "GET /wiki.pl?action=history&id=RecentChanges HTTP/1.1" 200 7093 "http://wiki.wxwidgets.org/wiki.pl?RecentChanges" "Mozilla/4.0 (compatible; WebCapture 3.0; Windows)"
203.195.105.33 - - [19/Jun/2005:11:26:52 +0200] "GET /wiki.pl?Spam-Remover HTTP/1.1" 200 1861 "http://wiki.wxwidgets.org/wiki.pl?RecentChanges" "Mozilla/4.0 (compatible; WebCapture 3.0; Windows)"
203.195.105.33 - - [19/Jun/2005:11:26:53 +0200] "GET /wiki.pl?action=browse&diff=1&id=RecentChanges HTTP/1.1" 200 12245 "http://wiki.wxwidgets.org/wiki.pl?RecentChanges" "Mozilla/4.0 (compatible; WebCapture 3.0; Windows)"
203.195.105.33 - - [19/Jun/2005:11:26:54 +0200] "GET /wxwiki.css HTTP/1.1" 200 1540 "http://wiki.wxwidgets.org/wiki.pl?action=browse&diff=1&id=RecentChanges" "Mozilla/4.0 (compatible; WebCapture 3.0; Windows)"
203.195.105.33 - - [19/Jun/2005:11:26:57 +0200] "GET /wiki.pl?back=WxWidgets+Compared+To+Other+Toolkits HTTP/1.1" 200 2093 "http://wiki.wxwidgets.org/wiki.pl?WxWidgets_Compared_To_Other_Toolkits" "Mozilla/4.0 (compatible; WebCapture 3.0; Windows)"
203.195.105.33 - - [19/Jun/2005:11:27:00 +0200] "GET /wiki.pl?action=edit&id=WxWidgets_Compared_To_Other_Toolkits HTTP/1.1" 200 18079 "http://wiki.wxwidgets.org/wiki.pl?WxWidgets_Compared_To_Other_Toolkits" "Mozilla/4.0 (compatible; WebCapture 3.0; Windows)"
203.195.105.33 - - [19/Jun/2005:11:27:02 +0200] "GET /wiki.pl?action=history&id=WxWidgets_Compared_To_Other_Toolkits HTTP/1.1" 200 5627 "http://wiki.wxwidgets.org/wiki.pl?WxWidgets_Compared_To_Other_Toolkits" "Mozilla/4.0 (compatible; WebCapture 3.0; Windows)"
203.195.105.33 - - [19/Jun/2005:11:27:04 +0200] "GET /wiki.pl?Natevw HTTP/1.1" 200 1819 "http://wiki.wxwidgets.org/wiki.pl?WxWidgets_Compared_To_Other_Toolkits" "Mozilla/4.0 (compatible; WebCapture 3.0; Windows)"
203.195.105.33 - - [19/Jun/2005:11:27:06 +0200] "GET /wxwiki.css HTTP/1.1" 200 1540 "http://wiki.wxwidgets.org/wiki.pl?action=browse&diff=1&id=WxWidgets_Compared_To_Other_Toolkits" "Mozilla/4.0 (compatible; WebCapture 3.0; Windows)"
203.195.105.33 - - [19/Jun/2005:11:27:07 +0200] "GET /wiki.pl?action=browse&diff=1&id=WxWidgets_Compared_To_Other_Toolkits HTTP/1.1" 200 20785 "http://wiki.wxwidgets.org/wiki.pl?WxWidgets_Compared_To_Other_Toolkits" "Mozilla/4.0 (compatible; WebCapture 3.0; Windows)"
203.195.105.33 - - [19/Jun/2005:11:27:09 +0200] "GET /wiki.pl?back=Distributing+WxWidgets+Applications HTTP/1.1" 200 1935 "http://wiki.wxwidgets.org/wiki.pl?Distributing_WxWidgets_Applications" "Mozilla/4.0 (compatible; WebCapture 3.0; Windows)"
203.195.105.33 - - [19/Jun/2005:11:27:11 +0200] "GET /wiki.pl?action=edit&id=Distributing_WxWidgets_Applications HTTP/1.1" 200 4991 "http://wiki.wxwidgets.org/wiki.pl?Distributing_WxWidgets_Applications" "Mozilla/4.0 (compatible; WebCapture 3.0; Windows)"
203.195.105.33 - - [19/Jun/2005:11:27:13 +0200] "GET /wiki.pl?action=history&id=Distributing_WxWidgets_Applications HTTP/1.1" 200 4230 "http://wiki.wxwidgets.org/wiki.pl?Distributing_WxWidgets_Applications" "Mozilla/4.0 (compatible; WebCapture 3.0; Windows)"
203.195.105.33 - - [19/Jun/2005:11:27:15 +0200] "GET /wiki.pl?action=browse&diff=1&id=Distributing_WxWidgets_Applications HTTP/1.1" 200 6219 "http://wiki.wxwidgets.org/wiki.pl?Distributing_WxWidgets_Applications" "Mozilla/4.0 (compatible; WebCapture 3.0; Windows)"
203.195.105.33 - - [19/Jun/2005:11:27:17 +0200] "GET /wiki.pl?back=Prerequisites HTTP/1.1" 200 1971 "http://wiki.wxwidgets.org/wiki.pl?Prerequisites" "Mozilla/4.0 (compatible; WebCapture 3.0; Windows)"
203.195.105.33 - - [19/Jun/2005:11:27:18 +0200] "GET /wxwiki.css HTTP/1.1" 200 1540 "http://wiki.wxwidgets.org/wiki.pl?back=Prerequisites" "Mozilla/4.0 (compatible; WebCapture 3.0; Windows)"
203.195.105.33 - - [19/Jun/2005:11:27:19 +0200] "GET /wiki.pl?Versions HTTP/1.1" 200 2295 "http://wiki.wxwidgets.org/wiki.pl?Prerequisites" "Mozilla/4.0 (compatible; WebCapture 3.0; Windows)"
203.195.105.33 - - [19/Jun/2005:11:27:20 +0200] "GET /wiki.pl?action=edit&id=Prerequisites HTTP/1.1" 200 4958 "http://wiki.wxwidgets.org/wiki.pl?Prerequisites" "Mozilla/4.0 (compatible; WebCapture 3.0; Windows)"
203.195.105.33 - - [19/Jun/2005:11:27:23 +0200] "GET /wiki.pl?action=history&id=Prerequisites HTTP/1.1" 200 4894 "http://wiki.wxwidgets.org/wiki.pl?Prerequisites" "Mozilla/4.0 (compatible; WebCapture 3.0; Windows)"
82.131.0.24 - - [19/Jun/2005:11:27:23 +0200] "GET /wiki.pl?Prerequisites HTTP/1.1" 200 5268 "http://wiki.wxwidgets.org/wiki.pl?Table_Of_Contents" "Mozilla/5.0 (Windows; U; Windows NT 5.1; en-US; rv:1.7.8) Gecko/20050511 Firefox/1.0.4"
203.195.105.33 - - [19/Jun/2005:11:27:25 +0200] "GET /wiki.pl?action=browse&diff=1&id=Prerequisites HTTP/1.1" 200 7470 "http://wiki.wxwidgets.org/wiki.pl?Prerequisites" "Mozilla/4.0 (compatible; WebCapture 3.0; Windows)"
203.195.105.33 - - [19/Jun/2005:11:27:27 +0200] "GET /wiki.pl?back=Supported+Platforms HTTP/1.1" 200 2085 "http://wiki.wxwidgets.org/wiki.pl?Supported_Platforms" "Mozilla/4.0 (compatible; WebCapture 3.0; Windows)"
203.195.105.33 - - [19/Jun/2005:11:27:28 +0200] "GET /wiki.pl?Wx-Config HTTP/1.1" 200 3305 "http://wiki.wxwidgets.org/wiki.pl?Supported_Platforms" "Mozilla/4.0 (compatible; WebCapture 3.0; Windows)"
203.195.105.33 - - [19/Jun/2005:11:27:30 +0200] "GET /wxwiki.css HTTP/1.1" 200 1540 "http://wiki.wxwidgets.org/wiki.pl?Wx-Config" "Mozilla/4.0 (compatible; WebCapture 3.0; Windows)"
203.195.105.33 - - [19/Jun/2005:11:27:31 +0200] "GET /wiki.pl?action=edit&id=Supported_Platforms HTTP/1.1" 200 7180 "http://wiki.wxwidgets.org/wiki.pl?Supported_Platforms" "Mozilla/4.0 (compatible; WebCapture 3.0; Windows)"
203.195.105.33 - - [19/Jun/2005:11:27:33 +0200] "GET /wiki.pl?action=history&id=Supported_Platforms HTTP/1.1" 200 4718 "http://wiki.wxwidgets.org/wiki.pl?Supported_Platforms" "Mozilla/4.0 (compatible; WebCapture 3.0; Windows)"
203.195.105.33 - - [19/Jun/2005:11:27:35 +0200] "GET /wiki.pl?action=browse&diff=1&id=Supported_Platforms HTTP/1.1" 200 12251 "http://wiki.wxwidgets.org/wiki.pl?Supported_Platforms" "Mozilla/4.0 (compatible; WebCapture 3.0; Windows)"
203.195.105.33 - - [19/Jun/2005:11:27:37 +0200] "GET /wiki.pl?back=IDEs HTTP/1.1" 200 4614 "http://wiki.wxwidgets.org/wiki.pl?IDEs" "Mozilla/4.0 (compatible; WebCapture 3.0; Windows)"
203.195.105.33 - - [19/Jun/2005:11:27:39 +0200] "GET /wiki.pl?Kdevelop_Settings HTTP/1.1" 200 2687 "http://wiki.wxwidgets.org/wiki.pl?IDEs" "Mozilla/4.0 (compatible; WebCapture 3.0; Windows)"
203.195.105.33 - - [19/Jun/2005:11:27:42 +0200] "GET /wiki.pl?Instructions HTTP/1.1" 200 19717 "http://wiki.wxwidgets.org/wiki.pl?IDEs" "Mozilla/4.0 (compatible; WebCapture 3.0; Windows)"
203.195.105.33 - - [19/Jun/2005:11:27:42 +0200] "GET /wxwiki.css HTTP/1.1" 200 1540 "http://wiki.wxwidgets.org/wiki.pl?Instructions" "Mozilla/4.0 (compatible; WebCapture 3.0; Windows)"
203.195.105.33 - - [19/Jun/2005:11:27:44 +0200] "GET /wiki.pl?action=edit&id=IDEs HTTP/1.1" 200 9219 "http://wiki.wxwidgets.org/wiki.pl?IDEs" "Mozilla/4.0 (compatible; WebCapture 3.0; Windows)"
203.195.105.33 - - [19/Jun/2005:11:27:47 +0200] "GET /wiki.pl?action=history&id=IDEs HTTP/1.1" 200 5438 "http://wiki.wxwidgets.org/wiki.pl?IDEs" "Mozilla/4.0 (compatible; WebCapture 3.0; Windows)"
203.195.105.33 - - [19/Jun/2005:11:27:49 +0200] "GET /wiki.pl?action=browse&diff=1&id=IDEs HTTP/1.1" 200 11243 "http://wiki.wxwidgets.org/wiki.pl?IDEs" "Mozilla/4.0 (compatible; WebCapture 3.0; Windows)"
203.195.105.33 - - [19/Jun/2005:11:27:51 +0200] "GET /wiki.pl?back=Dev-CPP+Setup+Guide HTTP/1.1" 200 2027 "http://wiki.wxwidgets.org/wiki.pl?Dev-CPP_Setup_Guide" "Mozilla/4.0 (compatible; WebCapture 3.0; Windows)"
203.195.105.33 - - [19/Jun/2005:11:27:53 +0200] "GET /wiki.pl?Compiling_WxWidgets_With_MSYS/MinGW HTTP/1.1" 200 5359 "http://wiki.wxwidgets.org/wiki.pl?Dev-CPP_Setup_Guide" "Mozilla/4.0 (compatible; WebCapture 3.0; Windows)"
203.195.105.33 - - [19/Jun/2005:11:27:54 +0200] "GET /wxwiki.css HTTP/1.1" 200 1540 "http://wiki.wxwidgets.org/wiki.pl?Compiling_WxWidgets_With_MSYS/MinGW" "Mozilla/4.0 (compatible; WebCapture 3.0; Windows)"
203.195.105.33 - - [19/Jun/2005:11:27:56 +0200] "GET /wiki.pl?action=edit&id=Dev-CPP_Setup_Guide HTTP/1.1" 200 9705 "http://wiki.wxwidgets.org/wiki.pl?Dev-CPP_Setup_Guide" "Mozilla/4.0 (compatible; WebCapture 3.0; Windows)"
203.195.105.33 - - [19/Jun/2005:11:27:57 +0200] "GET /wiki.pl?action=history&id=Dev-CPP_Setup_Guide HTTP/1.1" 200 8518 "http://wiki.wxwidgets.org/wiki.pl?Dev-CPP_Setup_Guide" "Mozilla/4.0 (compatible; WebCapture 3.0; Windows)"
203.195.105.33 - - [19/Jun/2005:11:28:01 +0200] "GET /wiki.pl?action=browse&diff=1&id=Dev-CPP_Setup_Guide HTTP/1.1" 200 12907 "http://wiki.wxwidgets.org/wiki.pl?Dev-CPP_Setup_Guide" "Mozilla/4.0 (compatible; WebCapture 3.0; Windows)"
203.195.105.33 - - [19/Jun/2005:11:28:03 +0200] "GET /wiki.pl?back=MacOS+X+ProjectBuilder+Setup+Guide HTTP/1.1" 200 2143 "http://wiki.wxwidgets.org/wiki.pl?MacOS_X_ProjectBuilder_Setup_Guide" "Mozilla/4.0 (compatible; WebCapture 3.0; Windows)"
203.195.105.33 - - [19/Jun/2005:11:28:05 +0200] "GET /wxwiki.css HTTP/1.1" 200 1540 "http://wiki.wxwidgets.org/wiki.pl?back=MacOS+X+ProjectBuilder+Setup+Guide" "Mozilla/4.0 (compatible; WebCapture 3.0; Windows)"
203.195.105.33 - - [19/Jun/2005:11:28:06 +0200] "GET /wiki.pl?action=edit&id=MacOS_X_ProjectBuilder_Setup_Guide HTTP/1.1" 200 6100 "http://wiki.wxwidgets.org/wiki.pl?MacOS_X_ProjectBuilder_Setup_Guide" "Mozilla/4.0 (compatible; WebCapture 3.0; Windows)"
203.195.105.33 - - [19/Jun/2005:11:28:08 +0200] "GET /wiki.pl?action=history&id=MacOS_X_ProjectBuilder_Setup_Guide HTTP/1.1" 200 3761 "http://wiki.wxwidgets.org/wiki.pl?MacOS_X_ProjectBuilder_Setup_Guide" "Mozilla/4.0 (compatible; WebCapture 3.0; Windows)"
203.195.105.33 - - [19/Jun/2005:11:28:10 +0200] "GET /wiki.pl?action=browse&diff=1&id=MacOS_X_ProjectBuilder_Setup_Guide HTTP/1.1" 200 6959 "http://wiki.wxwidgets.org/wiki.pl?MacOS_X_ProjectBuilder_Setup_Guide" "Mozilla/4.0 (compatible; WebCapture 3.0; Windows)"
203.195.105.33 - - [19/Jun/2005:11:28:13 +0200] "GET /wiki.pl?back=MacOS+X+CodeWarrior+8+Setup+Guide HTTP/1.1" 200 1811 "http://wiki.wxwidgets.org/wiki.pl?MacOS_X_CodeWarrior_8_Setup_Guide" "Mozilla/4.0 (compatible; WebCapture 3.0; Windows)"
203.195.105.33 - - [19/Jun/2005:11:28:14 +0200] "GET /wiki.pl?action=edit&id=MacOS_X_CodeWarrior_8_Setup_Guide HTTP/1.1" 200 3233 "http://wiki.wxwidgets.org/wiki.pl?MacOS_X_CodeWarrior_8_Setup_Guide" "Mozilla/4.0 (compatible; WebCapture 3.0; Windows)"
203.195.105.33 - - [19/Jun/2005:11:28:16 +0200] "GET /wiki.pl?action=history&id=MacOS_X_CodeWarrior_8_Setup_Guide HTTP/1.1" 200 2465 "http://wiki.wxwidgets.org/wiki.pl?MacOS_X_CodeWarrior_8_Setup_Guide" "Mozilla/4.0 (compatible; WebCapture 3.0; Windows)"
203.195.105.33 - - [19/Jun/2005:11:28:17 +0200] "GET /wxwiki.css HTTP/1.1" 200 1540 "http://wiki.wxwidgets.org/wiki.pl?action=history&id=MacOS_X_CodeWarrior_8_Setup_Guide" "Mozilla/4.0 (compatible; WebCapture 3.0; Windows)"
203.195.105.33 - - [19/Jun/2005:11:28:18 +0200] "GET /wiki.pl?Izhaki HTTP/1.1" 200 1926 "http://wiki.wxwidgets.org/wiki.pl?MacOS_X_CodeWarrior_8_Setup_Guide" "Mozilla/4.0 (compatible; WebCapture 3.0; Windows)"
203.195.105.33 - - [19/Jun/2005:11:28:20 +0200] "GET /wiki.pl?action=browse&diff=1&id=MacOS_X_CodeWarrior_8_Setup_Guide HTTP/1.1" 200 3372 "http://wiki.wxwidgets.org/wiki.pl?MacOS_X_CodeWarrior_8_Setup_Guide" "Mozilla/4.0 (compatible; WebCapture 3.0; Windows)"
203.195.105.33 - - [19/Jun/2005:11:28:22 +0200] "GET /wiki.pl?back=MacOS+X+CodeWarrior+9+Setup+Guide HTTP/1.1" 200 1811 "http://wiki.wxwidgets.org/wiki.pl?MacOS_X_CodeWarrior_9_Setup_Guide" "Mozilla/4.0 (compatible; WebCapture 3.0; Windows)"
203.195.105.33 - - [19/Jun/2005:11:28:24 +0200] "GET /wiki.pl?action=edit&id=MacOS_X_CodeWarrior_9_Setup_Guide HTTP/1.1" 200 4820 "http://wiki.wxwidgets.org/wiki.pl?MacOS_X_CodeWarrior_9_Setup_Guide" "Mozilla/4.0 (compatible; WebCapture 3.0; Windows)"
203.195.105.33 - - [19/Jun/2005:11:28:25 +0200] "GET /wiki.pl?action=history&id=MacOS_X_CodeWarrior_9_Setup_Guide HTTP/1.1" 200 4322 "http://wiki.wxwidgets.org/wiki.pl?MacOS_X_CodeWarrior_9_Setup_Guide" "Mozilla/4.0 (compatible; WebCapture 3.0; Windows)"
203.195.105.33 - - [19/Jun/2005:11:28:31 +0200] "GET /wiki.pl?action=browse&diff=1&id=MacOS_X_CodeWarrior_9_Setup_Guide HTTP/1.1" 200 5591 "http://wiki.wxwidgets.org/wiki.pl?MacOS_X_CodeWarrior_9_Setup_Guide" "Mozilla/4.0 (compatible; WebCapture 3.0; Windows)"
203.195.105.33 - - [19/Jun/2005:11:28:32 +0200] "GET /wxwiki.css HTTP/1.1" 200 1540 "http://wiki.wxwidgets.org/wiki.pl?action=browse&diff=1&id=MacOS_X_CodeWarrior_9_Setup_Guide" "Mozilla/4.0 (compatible; WebCapture 3.0; Windows)"
222.135.33.222 - - [19/Jun/2005:11:28:32 +0200] "GET /wximages/wxwidgets02-small.png HTTP/1.1" 200 12468 "http://blog.vckbase.com/bastet/" "Mozilla/4.0 (compatible; MSIE 6.0; Windows NT 5.1)"
203.195.105.33 - - [19/Jun/2005:11:28:33 +0200] "GET /wiki.pl?back=Mac+OS+X+And+Xcode+For+Beginners HTTP/1.1" 200 1869 "http://wiki.wxwidgets.org/wiki.pl?Mac_OS_X_And_Xcode_For_Beginners" "Mozilla/4.0 (compatible; WebCapture 3.0; Windows)"
82.131.0.24 - - [19/Jun/2005:11:28:34 +0200] "GET /wiki.pl?Writing_Your_First_Application HTTP/1.1" 200 3109 "http://wiki.wxwidgets.org/wiki.pl?Table_Of_Contents" "Mozilla/5.0 (Windows; U; Windows NT 5.1; en-US; rv:1.7.8) Gecko/20050511 Firefox/1.0.4"
203.195.105.33 - - [19/Jun/2005:11:28:37 +0200] "GET /wiki.pl?Mac_OS_X_And_Xcode_1.1_Setup_Guide HTTP/1.1" 200 25350 "http://wiki.wxwidgets.org/wiki.pl?Mac_OS_X_And_Xcode_For_Beginners" "Mozilla/4.0 (compatible; WebCapture 3.0; Windows)"
82.131.0.24 - - [19/Jun/2005:11:28:39 +0200] "GET /wiki.pl?Hello_World HTTP/1.1" 200 5425 "http://wiki.wxwidgets.org/wiki.pl?Writing_Your_First_Application" "Mozilla/5.0 (Windows; U; Windows NT 5.1; en-US; rv:1.7.8) Gecko/20050511 Firefox/1.0.4"
203.195.105.33 - - [19/Jun/2005:11:28:41 +0200] "GET /wxwiki.css HTTP/1.1" 200 1540 "http://wiki.wxwidgets.org/wiki.pl?action=edit&id=Mac_OS_X_And_Xcode_For_Beginners" "Mozilla/4.0 (compatible; WebCapture 3.0; Windows)"
203.195.105.33 - - [19/Jun/2005:11:28:41 +0200] "GET /wiki.pl?action=edit&id=Mac_OS_X_And_Xcode_For_Beginners HTTP/1.1" 200 32351 "http://wiki.wxwidgets.org/wiki.pl?Mac_OS_X_And_Xcode_For_Beginners" "Mozilla/4.0 (compatible; WebCapture 3.0; Windows)"
203.195.105.33 - - [19/Jun/2005:11:28:44 +0200] "GET /wiki.pl?action=history&id=Mac_OS_X_And_Xcode_For_Beginners HTTP/1.1" 200 28217 "http://wiki.wxwidgets.org/wiki.pl?Mac_OS_X_And_Xcode_For_Beginners" "Mozilla/4.0 (compatible; WebCapture 3.0; Windows)"
203.195.105.33 - - [19/Jun/2005:11:28:47 +0200] "GET /wiki.pl?back=Mac+OS+X+And+Xcode+1.5+Project+Setup+Guide HTTP/1.1" 200 1847 "http://wiki.wxwidgets.org/wiki.pl?Mac_OS_X_And_Xcode_1.5_Project_Setup_Guide" "Mozilla/4.0 (compatible; WebCapture 3.0; Windows)"
203.195.105.33 - - [19/Jun/2005:11:28:48 +0200] "GET /wiki.pl?action=edit&id=Mac_OS_X_And_Xcode_1.5_Project_Setup_Guide HTTP/1.1" 200 3970 "http://wiki.wxwidgets.org/wiki.pl?Mac_OS_X_And_Xcode_1.5_Project_Setup_Guide" "Mozilla/4.0 (compatible; WebCapture 3.0; Windows)"
203.195.105.33 - - [19/Jun/2005:11:28:51 +0200] "GET /wiki.pl?action=history&id=Mac_OS_X_And_Xcode_1.5_Project_Setup_Guide HTTP/1.1" 200 3651 "http://wiki.wxwidgets.org/wiki.pl?Mac_OS_X_And_Xcode_1.5_Project_Setup_Guide" "Mozilla/4.0 (compatible; WebCapture 3.0; Windows)"
203.195.105.33 - - [19/Jun/2005:11:28:53 +0200] "GET /wiki.pl?action=browse&diff=1&id=Mac_OS_X_And_Xcode_1.5_Project_Setup_Guide HTTP/1.1" 200 5007 "http://wiki.wxwidgets.org/wiki.pl?Mac_OS_X_And_Xcode_1.5_Project_Setup_Guide" "Mozilla/4.0 (compatible; WebCapture 3.0; Windows)"
203.195.105.33 - - [19/Jun/2005:11:28:54 +0200] "GET /wxwiki.css HTTP/1.1" 200 1540 "http://wiki.wxwidgets.org/wiki.pl?action=browse&diff=1&id=Mac_OS_X_And_Xcode_1.5_Project_Setup_Guide" "Mozilla/4.0 (compatible; WebCapture 3.0; Windows)"
203.195.105.33 - - [19/Jun/2005:11:28:56 +0200] "GET /wiki.pl?back=MSVC+Setup+Guide HTTP/1.1" 200 1937 "http://wiki.wxwidgets.org/wiki.pl?MSVC_Setup_Guide" "Mozilla/4.0 (compatible; WebCapture 3.0; Windows)"
203.195.105.33 - - [19/Jun/2005:11:28:58 +0200] "GET /wiki.pl?Compiling_Using_MSVC_On_The_Commandline HTTP/1.1" 200 4210 "http://wiki.wxwidgets.org/wiki.pl?MSVC_Setup_Guide" "Mozilla/4.0 (compatible; WebCapture 3.0; Windows)"
203.195.105.33 - - [19/Jun/2005:11:28:59 +0200] "GET /wiki.pl?Setup.H HTTP/1.1" 200 4623 "http://wiki.wxwidgets.org/wiki.pl?MSVC_Setup_Guide" "Mozilla/4.0 (compatible; WebCapture 3.0; Windows)"
203.195.105.33 - - [19/Jun/2005:11:29:02 +0200] "GET /wiki.pl?action=edit&id=MSVC_Setup_Guide HTTP/1.1" 200 22174 "http://wiki.wxwidgets.org/wiki.pl?MSVC_Setup_Guide" "Mozilla/4.0 (compatible; WebCapture 3.0; Windows)"
203.195.105.33 - - [19/Jun/2005:11:29:04 +0200] "GET /wiki.pl?action=history&id=MSVC_Setup_Guide HTTP/1.1" 200 6889 "http://wiki.wxwidgets.org/wiki.pl?MSVC_Setup_Guide" "Mozilla/4.0 (compatible; WebCapture 3.0; Windows)"
203.195.105.33 - - [19/Jun/2005:11:29:06 +0200] "GET /wxwiki.css HTTP/1.1" 200 1540 "http://wiki.wxwidgets.org/wiki.pl?action=history&id=MSVC_Setup_Guide" "Mozilla/4.0 (compatible; WebCapture 3.0; Windows)"
203.195.105.33 - - [19/Jun/2005:11:29:07 +0200] "GET /wiki.pl?Rmorales2005 HTTP/1.1" 200 1861 "http://wiki.wxwidgets.org/wiki.pl?MSVC_Setup_Guide" "Mozilla/4.0 (compatible; WebCapture 3.0; Windows)"
203.195.105.33 - - [19/Jun/2005:11:29:10 +0200] "GET /wiki.pl?action=browse&diff=1&id=MSVC_Setup_Guide HTTP/1.1" 200 22606 "http://wiki.wxwidgets.org/wiki.pl?MSVC_Setup_Guide" "Mozilla/4.0 (compatible; WebCapture 3.0; Windows)"
203.195.105.33 - - [19/Jun/2005:11:29:13 +0200] "GET /wiki.pl?back=MSVC+.NET+Setup+Guide HTTP/1.1" 200 1825 "http://wiki.wxwidgets.org/wiki.pl?MSVC_.NET_Setup_Guide" "Mozilla/4.0 (compatible; WebCapture 3.0; Windows)"
203.195.105.33 - - [19/Jun/2005:11:29:16 +0200] "GET /wiki.pl?action=edit&id=MSVC_.NET_Setup_Guide HTTP/1.1" 200 13008 "http://wiki.wxwidgets.org/wiki.pl?MSVC_.NET_Setup_Guide" "Mozilla/4.0 (compatible; WebCapture 3.0; Windows)"
203.195.105.33 - - [19/Jun/2005:11:29:18 +0200] "GET /wiki.pl?back=MSVC+Setup+Guide+For+Wx+2.5.4+And+Later HTTP/1.1" 200 1835 "http://wiki.wxwidgets.org/wiki.pl?MSVC_Setup_Guide_For_Wx_2.5.4_And_Later" "Mozilla/4.0 (compatible; WebCapture 3.0; Windows)"
203.195.105.33 - - [19/Jun/2005:11:29:18 +0200] "GET /wxwiki.css HTTP/1.1" 200 1540 "http://wiki.wxwidgets.org/wiki.pl?back=MSVC+Setup+Guide+For+Wx+2.5.4+And+Later" "Mozilla/4.0 (compatible; WebCapture 3.0; Windows)"
203.195.105.33 - - [19/Jun/2005:11:29:19 +0200] "GET /wiki.pl?action=edit&id=MSVC_Setup_Guide_For_Wx_2.5.4_And_Later HTTP/1.1" 200 3070 "http://wiki.wxwidgets.org/wiki.pl?MSVC_Setup_Guide_For_Wx_2.5.4_And_Later" "Mozilla/4.0 (compatible; WebCapture 3.0; Windows)"
203.195.105.33 - - [19/Jun/2005:11:29:21 +0200] "GET /wiki.pl?action=history&id=MSVC_Setup_Guide_For_Wx_2.5.4_And_Later HTTP/1.1" 200 2489 "http://wiki.wxwidgets.org/wiki.pl?MSVC_Setup_Guide_For_Wx_2.5.4_And_Later" "Mozilla/4.0 (compatible; WebCapture 3.0; Windows)"
203.195.105.33 - - [19/Jun/2005:11:29:23 +0200] "GET /wiki.pl?VZ HTTP/1.1" 200 1791 "http://wiki.wxwidgets.org/wiki.pl?MSVC_Setup_Guide_For_Wx_2.5.4_And_Later" "Mozilla/4.0 (compatible; WebCapture 3.0; Windows)"
203.195.105.33 - - [19/Jun/2005:11:29:24 +0200] "GET /wiki.pl?action=browse&diff=1&id=MSVC_Setup_Guide_For_Wx_2.5.4_And_Later HTTP/1.1" 200 3263 "http://wiki.wxwidgets.org/wiki.pl?MSVC_Setup_Guide_For_Wx_2.5.4_And_Later" "Mozilla/4.0 (compatible; WebCapture 3.0; Windows)"
203.195.105.33 - - [19/Jun/2005:11:29:26 +0200] "GET /wiki.pl?back=VIM HTTP/1.1" 200 1847 "http://wiki.wxwidgets.org/wiki.pl?VIM" "Mozilla/4.0 (compatible; WebCapture 3.0; Windows)"
203.195.105.33 - - [19/Jun/2005:11:29:28 +0200] "GET /wiki.pl?action=edit&id=VIM HTTP/1.1" 200 1892 "http://wiki.wxwidgets.org/wiki.pl?VIM" "Mozilla/4.0 (compatible; WebCapture 3.0; Windows)"
203.195.105.33 - - [19/Jun/2005:11:29:29 +0200] "GET /wiki.pl?action=history&id=VIM HTTP/1.1" 200 2267 "http://wiki.wxwidgets.org/wiki.pl?VIM" "Mozilla/4.0 (compatible; WebCapture 3.0; Windows)"
203.195.105.33 - - [19/Jun/2005:11:29:30 +0200] "GET /wxwiki.css HTTP/1.1" 200 1540 "http://wiki.wxwidgets.org/wiki.pl?action=history&id=VIM" "Mozilla/4.0 (compatible; WebCapture 3.0; Windows)"
203.195.105.33 - - [19/Jun/2005:11:29:32 +0200] "GET /wiki.pl?action=browse&diff=1&id=VIM HTTP/1.1" 200 2080 "http://wiki.wxwidgets.org/wiki.pl?VIM" "Mozilla/4.0 (compatible; WebCapture 3.0; Windows)"
203.195.105.33 - - [19/Jun/2005:11:29:33 +0200] "GET /wiki.pl?back=SlickEdit HTTP/1.1" 200 1715 "http://wiki.wxwidgets.org/wiki.pl?SlickEdit" "Mozilla/4.0 (compatible; WebCapture 3.0; Windows)"
203.195.105.33 - - [19/Jun/2005:11:29:35 +0200] "GET /wiki.pl?action=edit&id=SlickEdit HTTP/1.1" 200 4083 "http://wiki.wxwidgets.org/wiki.pl?SlickEdit" "Mozilla/4.0 (compatible; WebCapture 3.0; Windows)"
81.225.28.66 - - [19/Jun/2005:11:29:35 +0200] "GET /wiki.pl?WxWiki HTTP/1.1" 200 3381 "http://wiki.wxwidgets.org/wiki.pl?Installing_WxWin_MinGW" "Mozilla/5.0 (Windows; U; Windows NT 5.1; sv-SE; rv:1.7.8) Gecko/20050511 Firefox/1.0.4"
203.195.105.33 - - [19/Jun/2005:11:29:37 +0200] "GET /wiki.pl?action=history&id=SlickEdit HTTP/1.1" 200 3641 "http://wiki.wxwidgets.org/wiki.pl?SlickEdit" "Mozilla/4.0 (compatible; WebCapture 3.0; Windows)"
203.195.105.33 - - [19/Jun/2005:11:29:39 +0200] "GET /wiki.pl?action=browse&diff=1&id=SlickEdit HTTP/1.1" 200 4815 "http://wiki.wxwidgets.org/wiki.pl?SlickEdit" "Mozilla/4.0 (compatible; WebCapture 3.0; Windows)"
203.195.105.33 - - [19/Jun/2005:11:29:40 +0200] "GET /wxwiki.css HTTP/1.1" 200 1540 "http://wiki.wxwidgets.org/wiki.pl?action=browse&diff=1&id=SlickEdit" "Mozilla/4.0 (compatible; WebCapture 3.0; Windows)"
81.225.28.66 - - [19/Jun/2005:11:29:42 +0200] "GET /wiki.pl?Table_Of_Contents HTTP/1.1" 200 26242 "http://wiki.wxwidgets.org/wiki.pl?WxWiki" "Mozilla/5.0 (Windows; U; Windows NT 5.1; sv-SE; rv:1.7.8) Gecko/20050511 Firefox/1.0.4"
203.195.105.33 - - [19/Jun/2005:11:29:42 +0200] "GET /wiki.pl?back=KDevelop HTTP/1.1" 200 1999 "http://wiki.wxwidgets.org/wiki.pl?KDevelop" "Mozilla/4.0 (compatible; WebCapture 3.0; Windows)"
